// Jest Snapshot v1, https://goo.gl/fbAQLP

exports[`Cart renders items, price, and checkout button if cart is not empty 1`] = `
<div
  className="Cart hidden"
  data-testid="cart"
>
  <svg
    aria-hidden="true"
    className="svg-inline--fa fa-xmark fa-lg btn-close-cart"
    data-icon="xmark"
    data-prefix="fas"
    data-testid="btn-close-cart"
    focusable="false"
    role="img"
    style={Object {}}
    viewBox="0 0 384 512"
    xmlns="http://www.w3.org/2000/svg"
  >
    <path
      d="M342.6 150.6c12.5-12.5 12.5-32.8 0-45.3s-32.8-12.5-45.3 0L192 210.7 86.6 105.4c-12.5-12.5-32.8-12.5-45.3 0s-12.5 32.8 0 45.3L146.7 256 41.4 361.4c-12.5 12.5-12.5 32.8 0 45.3s32.8 12.5 45.3 0L192 301.3 297.4 406.6c12.5 12.5 32.8 12.5 45.3 0s12.5-32.8 0-45.3L237.3 256 342.6 150.6z"
      fill="currentColor"
      style={Object {}}
    />
  </svg>
  <li
    className="CartItem item-card"
    data-testid="cart-item"
    id={0}
  >
    <div
      className="info"
    >
      <div
        className="item-name"
        data-testid="item-name"
      >
        Season Kin Snowboard 2023
      </div>
      <div
        className="item-price"
      >
        $
        10
      </div>
      <div
        className="quantity-input"
      >
        <label
          htmlFor="quantity"
        >
          Qty:
        </label>
        <input
          data-testid="quantity"
          id="quantity"
          min="1"
          name="quantity"
          onChange={[Function]}
          type="number"
        />
      </div>
    </div>
    <img
      alt="Season Kin Snowboard 2023"
    />
    <button
      className="btn-filled btn-remove-from-cart btn-orange-text"
      onClick={[Function]}
    >
      Remove
    </button>
  </li>
  <li
    className="CartItem item-card"
    data-testid="cart-item"
    id={1}
  >
    <div
      className="info"
    >
      <div
        className="item-name"
        data-testid="item-name"
      >
        GNU Young Money C2E Snowboard - Big Boys 2023
      </div>
      <div
        className="item-price"
      >
        $
        20
      </div>
      <div
        className="quantity-input"
      >
        <label
          htmlFor="quantity"
        >
          Qty:
        </label>
        <input
          data-testid="quantity"
          id="quantity"
          min="1"
          name="quantity"
          onChange={[Function]}
          type="number"
        />
      </div>
    </div>
    <img
      alt="GNU Young Money C2E Snowboard - Big Boys 2023"
    />
    <button
      className="btn-filled btn-remove-from-cart btn-orange-text"
      onClick={[Function]}
    >
      Remove
    </button>
  </li>
  <div
    className="total-price"
    data-testid="total-price"
  >
    Total: $
  </div>
  <button
    className="btn-filled btn-checkout"
  >
    <a
      href="/checkout"
      onClick={[Function]}
    >
      Checkout
    </a>
  </button>
</div>
`;
