// Jest Snapshot v1, https://goo.gl/fbAQLP

exports[`Checkout renders cart items and payment form 1`] = `
<div
  className="Checkout"
>
  <form
    className="checkout-form"
  >
    <div
      className="customer-info"
    >
      <fieldset
        className="delivery-info"
      >
        <legend>
          Delivery
        </legend>
        <div
          className="form-rows"
        >
          <div
            className="form-row"
          >
            <label
              htmlFor="name"
            >
              Name
            </label>
            <input
              id="name"
              name="name"
              type="text"
            />
          </div>
          <div
            className="form-row"
          >
            <label
              htmlFor="email"
            >
              Email
            </label>
            <input
              id="email"
              name="email"
              type="email"
            />
            <div
              className="error-message"
            >
              Please enter a valid email
            </div>
          </div>
          <div
            className="form-row"
          >
            <label
              htmlFor="address"
            >
              Address
            </label>
            <input
              id="address"
              name="address"
              type="text"
            />
          </div>
          <div
            className="form-row"
          >
            <label
              htmlFor="city"
            >
              City
            </label>
            <input
              id="city"
              name="city"
              type="text"
            />
          </div>
          <div
            className="form-row"
          >
            <label
              htmlFor="state"
            >
              State
            </label>
            <input
              id="state"
              name="state"
              type="text"
            />
          </div>
          <div
            className="form-row"
          >
            <label
              htmlFor="zip"
            >
              ZIP Code
            </label>
            <input
              id="zip"
              name="zip"
              pattern="^\\\\d{5}(?:[-\\\\s]\\\\d{4})?$"
              type="text"
            />
            <div
              className="error-message"
            >
              Please enter a valid ZIP
            </div>
          </div>
        </div>
      </fieldset>
      <fieldset
        className="payment-info"
      >
        <legend>
          Payment
        </legend>
        <div
          className="form-rows card-info"
        >
          <div
            className="form-row"
          >
            <label
              htmlFor="name-on-card"
            >
              Name on card
            </label>
            <input
              id="name"
              name="name-on-card"
              type="text"
            />
          </div>
          <div
            className="form-row"
          >
            <label
              htmlFor="card-number"
            >
              Card number
            </label>
            <input
              id="card-number"
              name="card-number"
              pattern="^[0-9]+$"
              type="text"
            />
            <div
              className="error-message"
            >
              Please enter a valid card number
            </div>
          </div>
          <div
            className="form-row"
          >
            <label
              for="expiration-date"
            >
              Expiration date
            </label>
            <input
              id="expiration-date"
              max="2030-12"
              min="2023-04"
              name="expiration-date"
              type="month"
            />
          </div>
        </div>
      </fieldset>
    </div>
    <div
      className="order-info"
    >
      <fieldset
        className="checkout-cart-items"
      >
        <legend>
          Cart
        </legend>
        <li
          className="CartItem item-card"
          data-testid="cart-item"
          id={0}
        >
          <div
            className="info"
          >
            <div
              className="item-name"
              data-testid="item-name"
            >
              Season Kin Snowboard 2023
            </div>
            <div
              className="item-price"
            >
              $
              349.3
            </div>
            <div
              className="quantity-input"
            >
              <label
                htmlFor="quantity"
              >
                Qty:
              </label>
              <input
                data-testid="quantity"
                id="quantity"
                min="1"
                name="quantity"
                onChange={[Function]}
                type="number"
              />
            </div>
          </div>
          <img
            alt="Season Kin Snowboard 2023"
          />
          <button
            className="btn-filled btn-remove-from-cart btn-orange-text"
            onClick={[Function]}
          >
            Remove
          </button>
        </li>
        <li
          className="CartItem item-card"
          data-testid="cart-item"
          id={1}
        >
          <div
            className="info"
          >
            <div
              className="item-name"
              data-testid="item-name"
            >
              GNU Young Money C2E Snowboard - Big Boys 2023
            </div>
            <div
              className="item-price"
            >
              $
              279.99
            </div>
            <div
              className="quantity-input"
            >
              <label
                htmlFor="quantity"
              >
                Qty:
              </label>
              <input
                data-testid="quantity"
                id="quantity"
                min="1"
                name="quantity"
                onChange={[Function]}
                type="number"
              />
            </div>
          </div>
          <img
            alt="GNU Young Money C2E Snowboard - Big Boys 2023"
          />
          <button
            className="btn-filled btn-remove-from-cart btn-orange-text"
            onClick={[Function]}
          >
            Remove
          </button>
        </li>
      </fieldset>
      <div
        className="total"
      >
        <div
          className="total-label"
        >
          Total:
        </div>
        <div
          className="total-price"
        >
          $
        </div>
      </div>
      <button
        className="btn-filled btn-place-order"
        type="submit"
      >
        Place Order
      </button>
    </div>
  </form>
</div>
`;
