// Jest Snapshot v1, https://goo.gl/fbAQLP

exports[`Checkout renders cart items and payment form 1`] = `
<div
  className="Checkout"
>
  <form
    action=""
  >
    <fieldset>
      <legend>
        Delivery
      </legend>
      <div
        className="form-row"
      >
        <label
          htmlFor="name"
        >
          Name
        </label>
        <input
          id="name"
          name="name"
          type="text"
        />
      </div>
      <div
        className="form-row"
      >
        <label
          htmlFor="name"
        >
          Address
        </label>
        <input
          id="address"
          name="address"
          type="text"
        />
      </div>
      <div
        className="form-row"
      >
        <label
          htmlFor="name"
        >
          City
        </label>
        <input
          id="city"
          name="city"
          type="text"
        />
      </div>
      <div
        className="form-row"
      >
        <label
          htmlFor="name"
        >
          State
        </label>
        <input
          id="state"
          name="state"
          type="text"
        />
      </div>
      <div
        className="form-row"
      >
        <label
          htmlFor="name"
        >
          ZIP Code
        </label>
        <input
          id="zip"
          name="zip"
          type="text"
        />
      </div>
    </fieldset>
    <fieldset>
      <legend>
        Payment
      </legend>
      <div
        className="form-row"
      >
        <label
          htmlFor="name"
        >
          Name on card
        </label>
        <input
          id="name"
          name="name"
          type="text"
        />
      </div>
      <div
        className="form-row"
      >
        <label
          htmlFor="name"
        >
          Card number
        </label>
        <input
          id="card-number"
          name="card-number"
          type="text"
        />
      </div>
      <div
        className="form-row"
      >
        <label
          htmlFor="name"
        >
          Expiration date
        </label>
        <input
          id="exp-date"
          name="exp-date"
          type="text"
        />
      </div>
    </fieldset>
    <fieldset>
      <legend>
        Cart
      </legend>
      <li
        className="cart-item checkout"
        data-testid="cart-item"
        id={0}
      >
        <div
          className="item-name"
        >
          Season Kin Snowboard 2023
        </div>
        <div
          className="item-price"
        >
          $
          349.3
        </div>
        <button
          onClick={[Function]}
        >
          Remove
        </button>
      </li>
      <li
        className="cart-item checkout"
        data-testid="cart-item"
        id={1}
      >
        <div
          className="item-name"
        >
          GNU Young Money C2E Snowboard - Big Boys 2023
        </div>
        <div
          className="item-price"
        >
          $
          279.99
        </div>
        <button
          onClick={[Function]}
        >
          Remove
        </button>
      </li>
    </fieldset>
    <div
      className="order-summary"
    >
      <div
        className="total"
      >
        Total: 
        $629.29
      </div>
      <a
        href="/confirmation"
        onClick={[Function]}
      >
        <input
          type="submit"
          value="Place Order"
        />
      </a>
    </div>
  </form>
</div>
`;
