// Jest Snapshot v1, https://goo.gl/fbAQLP

exports[`Confirmation renders thank you message 1`] = `
<div
  className="Confirmation"
>
  <h2>
    Your order is confirmed!
  </h2>
  <h3>
    Thank you
  </h3>
  <a
    href="/shop"
    onClick={[Function]}
  >
    <button
      className="btn-translate-on-hover btn-filled btn-medium"
    >
      Shop More
    </button>
  </a>
</div>
`;
